                                   PADIE  Combined Version 2a                   
                                    Date: 21-Apr-17      
                                Run name: Figure_2_fpefce_2.5_n_-2                                                                                                                                                                                                                                  

                                  Planet: Earth          
                    Magnetic field model: Dipole         
                    Plasma density model: Constant       
                        Plasma frequency:  2.388E+04 Hz           fpe/fce = 2.500E+00
                             Plasma type: e-, H+         

                         Diffusion rates: Local          
                    Interacting particle: Electron       
                        Interacting wave: Whistler                   

                     Resonances included:   -2,..., -2
                         Particle energy:    1000.00 keV

                        Planetary radius: 6.3780E+06 m
                    Height of atmosphere: 1.0000E+05 m
                                 L shell:       4.50
                                Latitude:       0.00  degrees

                    Wave amplitude model: Constant       
           Wave magnetic field amplitude:     100.00 pT
                         Frequency model: Constant       
                     Peak wave frequency:  3.344E+03 Hz            fm/fce = 3.500E-01
                    Wave frequency width:  1.433E+03 Hz            df/fce = 1.500E-01

                 Lower cut-off frequency:  4.776E+02 Hz           flc/fce = 5.000E-02
                 Upper cut-off frequency:  6.209E+03 Hz           fuc/fce = 6.500E-01

                Angular dependence model: Constant       
                  Peak wave-normal angle:     0.0000 degrees
                 Width wave-normal angle:    30.0000 degrees
           X integration   Lower cut-off: 0.0000E+00
                           Upper cut-off: 0.1155E+01





                  Number of pitch angles:  100


 Pitch-Angle       Daa/p^2        Dae/E^2        Dee/E^2            Dap/p^2        Dpp/p^2                        1/|vp-dwdkp|
     0.50000   1.5846722D-10   1.9859755D-13   2.4997657D-16   1.4840403D-13   1.3958634D-16
     1.39500   1.2348126D-09   4.3179348D-12   1.5164973D-14   3.2266205D-12   8.4680857D-15
     2.29000   3.3343025D-09   1.9143091D-11   1.1038467D-13   1.4304868D-11   6.1638543D-14
     3.18500   6.4693845D-09   5.1671264D-11   4.1449905D-13   3.8611875D-11   2.3145532D-13
     4.08000   1.0658691D-08   1.0908881D-10   1.1213551D-12   8.1517717D-11   6.2616208D-13
     4.97500   1.5927197D-08   1.9884857D-10   2.4933890D-12   1.4859160D-10   1.3923027D-12
     5.87000   2.2306443D-08   3.2875069D-10   4.8661436D-12   2.4566228D-10   2.7172434D-12
     6.76500   2.9834807D-08   5.0702797D-10   8.6540517D-12   3.7888179D-10   4.8324025D-12
     7.66000   3.8557851D-08   7.4243680D-10   1.4357592D-11   5.5479342D-10   8.0172461D-12
     8.55500   4.8528710D-08   1.0443548D-09   2.2571944D-11   7.8040472D-10   1.2604122D-11
     9.45000   5.9808592D-08   1.4228874D-09   3.3997323D-11   1.0632670D-09   1.8984027D-11
    10.34500   7.2467310D-08   1.8889829D-09   4.9451148D-11   1.4115616D-09   2.7613407D-11
    11.24000   8.6583822D-08   2.4545570D-09   6.9882228D-11   1.8341926D-09   3.9022075D-11
    12.13500   1.0224706D-07   3.1326348D-09   9.6387403D-11   2.3408930D-09   5.3822504D-11
    13.03000   1.1955695D-07   3.9375119D-09   1.3023101D-10   2.9423456D-09   7.2720696D-11
    13.92500   1.3862502D-07   4.8849188D-09   1.7286695D-10   3.6503050D-09   9.6528506D-11
    14.82000   1.5957571D-07   5.9922213D-09   2.2596477D-10   4.4777480D-09   1.2617820D-10
    15.71500   1.8254685D-07   7.2786072D-09   2.9143824D-10   5.4390129D-09   1.6273844D-10
    16.61000   2.0769236D-07   8.7653824D-09   3.7148176D-10   6.5500208D-09   2.0743456D-10
    17.50500   2.3518296D-07   1.0476210D-08   4.6860862D-10   7.8284536D-09   2.6166997D-10
    18.40000   2.6520772D-07   1.2437413D-08   5.8569661D-10   9.2939827D-09   3.2705164D-10
    19.29500   2.9797605D-07   1.4678326D-08   7.2604071D-10   1.0968528D-08   4.0541946D-10
    20.19000   3.3372008D-07   1.7231678D-08   8.9341249D-10   1.2876546D-08   4.9887948D-10
    21.08500   3.7269836D-07   2.0134132D-08   1.0921368D-09   1.5045434D-08   6.0984665D-10
    21.98000   4.1519540D-07   2.3426596D-08   1.3271606D-09   1.7505761D-08   7.4108340D-10
    22.87500   4.6152810D-07   2.7154987D-08   1.6041576D-09   2.0291839D-08   8.9575792D-10
    23.77000   5.1204959D-07   3.1370914D-08   1.9296394D-09   2.3442233D-08   1.0775062D-09
    24.66500   5.6714518D-07   3.6131913D-08   2.3110470D-09   2.6999937D-08   1.2904833D-09
    25.56000   6.2725435D-07   4.1503416D-08   2.7569688D-09   3.1013848D-08   1.5394850D-09
    26.45500   6.9285269D-07   4.7558224D-08   3.2772105D-09   3.5538364D-08   1.8299868D-09
    27.35000   7.6448025D-07   5.4379105D-08   3.8830896D-09   4.0635336D-08   2.1683083D-09
    28.24500   8.4272850D-07   6.2058733D-08   4.5875697D-09   4.6374016D-08   2.5616884D-09
    29.14000   9.2826032D-07   7.0701994D-08   5.4055820D-09   5.2832781D-08   3.0184645D-09
    30.03500   1.0218142D-06   8.0427398D-08   6.3543156D-09   6.0100187D-08   3.5482352D-09
    30.93000   1.1242153D-06   9.1369088D-08   7.4535787D-09   6.8276476D-08   4.1620611D-09
    31.82500   1.2363751D-06   1.0367811D-07   8.7261387D-09   7.7474517D-08   4.8726557D-09
    32.72000   1.3593323D-06   1.1752734D-07   1.0198403D-08   8.7823495D-08   5.6947647D-09
    33.61500   1.4942363D-06   1.3311188D-07   1.1900781D-08   9.9469203D-08   6.6453687D-09
    34.51000   1.6423641D-06   1.5065231D-07   1.3868313D-08   1.1257646D-07   7.7440338D-09
    35.40500   1.8051853D-06   1.7040294D-07   1.6141861D-08   1.2733532D-07   9.0135778D-09
    36.30000   1.9843220D-06   1.9265067D-07   1.8768482D-08   1.4396017D-07   1.0480277D-08
    37.19500   2.1815728D-06   2.1772002D-07   2.1802463D-08   1.6269349D-07   1.2174445D-08
    38.09000   2.3990048D-06   2.4598553D-07   2.5307198D-08   1.8381518D-07   1.4131481D-08
    38.98500   2.6389070D-06   2.7787097D-07   2.9355882D-08   2.0764189D-07   1.6392257D-08
    39.88000   2.9038547D-06   3.1386020D-07   3.4033492D-08   2.3453521D-07   1.9004224D-08
    40.77500   3.1967724D-06   3.5450872D-07   3.9439035D-08   2.6491023D-07   2.2022666D-08
    41.67000   3.5209884D-06   4.0045538D-07   4.5688014D-08   2.9924434D-07   2.5512082D-08
    42.56500   3.8802572D-06   4.5243141D-07   5.2914807D-08   3.3808395D-07   2.9547506D-08
    43.46000   4.2787495D-06   5.1126659D-07   6.1274961D-08   3.8204913D-07   3.4215797D-08
    44.35500   4.7212404D-06   5.7792061D-07   7.0950814D-08   4.3185703D-07   3.9618771D-08
    45.25000   5.2130919D-06   6.5349043D-07   8.2154514D-08   4.8832734D-07   4.5874891D-08
    46.14500   5.7603423D-06   7.3923239D-07   9.5133265D-08   5.5239889D-07   5.3122196D-08
    47.04000   6.3700022D-06   8.3661111D-07   1.1017826D-07   6.2516612D-07   6.1523285D-08
    47.93500   7.0499880D-06   9.4730650D-07   1.2762906D-07   7.0788438D-07   7.1267770D-08
    48.83000   7.8091790D-06   1.0732411D-06   1.4788154D-07   8.0199028D-07   8.2576714D-08
    49.72500   8.6574559D-06   1.2166040D-06   1.7139574D-07   9.0911969D-07   9.5706986D-08
    50.62000   9.6062099D-06   1.3799389D-06   1.9871272D-07   1.0311733D-06   1.1096072D-07
    51.51500   1.0668617D-05   1.5662092D-06   2.3047021D-07   1.1703657D-06   1.2869403D-07
    52.41000   1.1859577D-05   1.7788202D-06   2.6741319D-07   1.3292414D-06   1.4932291D-07
    53.30500   1.3195234D-05   2.0215895D-06   3.1039924D-07   1.5106532D-06   1.7332622D-07
    54.20000   1.4694332D-05   2.2989762D-06   3.6044080D-07   1.7179332D-06   2.0126931D-07
    55.09500   1.6378759D-05   2.6162016D-06   4.1873437D-07   1.9549831D-06   2.3382031D-07
    55.99000   1.8272163D-05   2.9790950D-06   4.8665105D-07   2.2261589D-06   2.7174482D-07
    56.88500   2.0400828D-05   3.3942924D-06   5.6578411D-07   2.5364193D-06   3.1593254D-07
    57.78000   2.2795988D-05   3.8696414D-06   6.5802684D-07   2.8916287D-06   3.6744067D-07
    58.67500   2.5491349D-05   4.4138726D-06   7.6553930D-07   3.2983110D-06   4.2747538D-07
    59.57000   2.8522621D-05   5.0366192D-06   8.9077757D-07   3.7636647D-06   4.9740814D-07
    60.46500   3.1933642D-05   5.7494711D-06   1.0366861D-06   4.2963505D-06   5.7888314D-07
    61.36000   3.5768766D-05   6.5647952D-06   1.2065289D-06   4.9056097D-06   6.7372296D-07
    62.25500   4.0076246D-05   7.4963970D-06   1.4040312D-06   5.6017585D-06   7.8400777D-07
    63.15000   4.4911125D-05   8.5600353D-06   1.6334857D-06   6.3965730D-06   9.1213463D-07
    64.04500   5.0324946D-05   9.7717502D-06   1.8995002D-06   7.3020393D-06   1.0606765D-06
    64.94000   5.6381191D-05   1.1150602D-05   2.2074999D-06   8.3324004D-06   1.2326628D-06
    65.83500   6.3128470D-05   1.2713784D-05   2.5628529D-06   9.5005038D-06   1.4310912D-06
    66.73000   7.0630032D-05   1.4482062D-05   2.9718897D-06   1.0821868D-05   1.6594963D-06
    67.62500   7.8923569D-05   1.6472042D-05   3.4404282D-06   1.2308900D-05   1.9211271D-06
    68.52000   8.8050335D-05   1.8701428D-05   3.9747279D-06   1.3974832D-05   2.2194789D-06
    69.41500   9.8030950D-05   2.1184185D-05   4.5805247D-06   1.5830096D-05   2.5577544D-06
    70.31000   1.0883923D-04   2.3924269D-05   5.2615627D-06   1.7877652D-05   2.9380445D-06
    71.20500   1.2043482D-04   2.6921722D-05   6.0206925D-06   2.0117529D-05   3.3619408D-06
    72.10000   1.3272265D-04   3.0163462D-05   6.8577607D-06   2.2539952D-05   3.8293578D-06
    72.99500   1.4551818D-04   3.3614063D-05   7.7671962D-06   2.5118449D-05   4.3371844D-06
    73.89000   1.5855548D-04   3.7215592D-05   8.7374566D-06   2.7809728D-05   4.8789756D-06
    74.78500   1.7147193D-04   4.0882389D-05   9.7493403D-06   3.0549779D-05   5.4440091D-06
    75.68000   1.8378072D-04   4.4492535D-05   1.0773374D-05   3.3247497D-05   6.0158273D-06
    76.57500   1.9486113D-04   4.7883043D-05   1.1767914D-05   3.5781089D-05   6.5711762D-06
    77.47000   2.0395793D-04   5.0847213D-05   1.2677710D-05   3.7996095D-05   7.0792039D-06
    78.36500   2.1019568D-04   5.3136094D-05   1.3433534D-05   3.9706484D-05   7.5012542D-06
    79.26000   2.1258579D-04   5.4458975D-05   1.3951759D-05   4.0695020D-05   7.7906300D-06
    80.15500   2.1019378D-04   5.4526348D-05   1.4145181D-05   4.0745366D-05   7.8986366D-06
    81.05000   2.0236307D-04   5.3111519D-05   1.3939755D-05   3.9688120D-05   7.7839272D-06
    81.94500   1.8843103D-04   4.9983198D-05   1.3258694D-05   3.7350451D-05   7.4036239D-06
    82.84000   1.6869677D-04   4.5168975D-05   1.2094235D-05   3.3752974D-05   6.7533927D-06
    83.73500   1.4373225D-04   3.8785473D-05   1.0466293D-05   2.8982837D-05   5.8443540D-06
    84.63000   1.1536196D-04   3.1310763D-05   8.4985635D-06   2.3397285D-05   4.7455782D-06
    85.52500   8.5970043D-05   2.3407144D-05   6.3738091D-06   1.7491226D-05   3.5591203D-06
    86.42000   5.8266654D-05   1.5858647D-05   4.3173856D-06   1.1850535D-05   2.4108182D-06
    87.31500   3.4846990D-05   9.4375438D-06   2.5571580D-06   7.0523001D-06   1.4279112D-06
    88.21000   1.7628191D-05   4.7170058D-06   1.2634455D-06   3.5248304D-06   7.0550504D-07
    89.10500   6.9760879D-06   1.8244216D-06   4.7819656D-07   1.3633175D-06   2.6702385D-07

                         Loss cone angle:  4.555E+00 degrees
                       Particle velocity:  2.821E+08 m/s    
                     Relativistic factor:  2.957E+00
                       Particle momentum:  7.599E-22 m/s    
                 Electron number density:  7.076E+06 /m^3   
                            Alfven speed:  2.799E+03 m/s    

                 electron gyro-frequency:  9.553E+03 Hz
                   proton gyro-frequency:  5.203E+00 Hz
                   helium gyro-frequency:  1.301E+00 Hz
                   oxygen gyro-frequency:  3.252E-01 Hz
          Plasma frequency/electron gyro:  2.500E+00          Alpha* (fce/fpe)^2 = 1.600E-01

                           R mode cutoff:  2.914E+04 Hz         fRcut/fce = 3.050E+00
                  Upper hybrid resonance:  2.573E+04 Hz          fUHR/fce = 2.693E+00
                           L mode cutoff:  1.959E+04 Hz         fLcut/fce = 2.051E+00
                  Lower hybrid resonance:  2.070E+02 Hz          fLHR/fce = 2.167E-02
                1st Cross-over frequency:  1.301E+00 Hz        fcros1/fce = 1.362E-04
          1st Bi-ion resonance frequency:  0.000E+00 Hz        fbion1/fce = 0.000E+00
                2nd Cross-over frequency:  3.252E-01 Hz        fcros2/fce = 3.404E-05
          2nd Bi-ion resonance frequency:  0.000E+00 Hz        fbion2/fce = 0.000E+00

