                                   PADIE  Combined Version 2a                   
                                    Date: 21-Apr-17      
                                Run name: Figure_2_fpefce_2.5_n_0                                                                                                                                                                                                                                   

                                  Planet: Earth          
                    Magnetic field model: Dipole         
                    Plasma density model: Constant       
                        Plasma frequency:  2.388E+04 Hz           fpe/fce = 2.500E+00
                             Plasma type: e-, H+         

                         Diffusion rates: Local          
                    Interacting particle: Electron       
                        Interacting wave: Whistler                   

                     Resonances included:    0,...,  0
                         Particle energy:    1000.00 keV

                        Planetary radius: 6.3780E+06 m
                    Height of atmosphere: 1.0000E+05 m
                                 L shell:       4.50
                                Latitude:       0.00  degrees

                    Wave amplitude model: Constant       
           Wave magnetic field amplitude:     100.00 pT
                         Frequency model: Constant       
                     Peak wave frequency:  3.344E+03 Hz            fm/fce = 3.500E-01
                    Wave frequency width:  1.433E+03 Hz            df/fce = 1.500E-01

                 Lower cut-off frequency:  4.776E+02 Hz           flc/fce = 5.000E-02
                 Upper cut-off frequency:  6.209E+03 Hz           fuc/fce = 6.500E-01

                Angular dependence model: Constant       
                  Peak wave-normal angle:     0.0000 degrees
                 Width wave-normal angle:    30.0000 degrees
           X integration   Lower cut-off: 0.0000E+00
                           Upper cut-off: 0.1155E+01





                  Number of pitch angles:  100


 Pitch-Angle       Daa/p^2        Dae/E^2        Dee/E^2            Dap/p^2        Dpp/p^2                        1/|vp-dwdkp|
     0.50000   0.0000000D+00   0.0000000D+00   0.0000000D+00   0.0000000D+00   0.0000000D+00
     1.39500   0.0000000D+00   0.0000000D+00   0.0000000D+00   0.0000000D+00   0.0000000D+00
     2.29000   0.0000000D+00   0.0000000D+00   0.0000000D+00   0.0000000D+00   0.0000000D+00
     3.18500   0.0000000D+00   0.0000000D+00   0.0000000D+00   0.0000000D+00   0.0000000D+00
     4.08000   0.0000000D+00   0.0000000D+00   0.0000000D+00   0.0000000D+00   0.0000000D+00
     4.97500   0.0000000D+00   0.0000000D+00   0.0000000D+00   0.0000000D+00   0.0000000D+00
     5.87000   0.0000000D+00   0.0000000D+00   0.0000000D+00   0.0000000D+00   0.0000000D+00
     6.76500   0.0000000D+00   0.0000000D+00   0.0000000D+00   0.0000000D+00   0.0000000D+00
     7.66000   0.0000000D+00   0.0000000D+00   0.0000000D+00   0.0000000D+00   0.0000000D+00
     8.55500   0.0000000D+00   0.0000000D+00   0.0000000D+00   0.0000000D+00   0.0000000D+00
     9.45000   0.0000000D+00   0.0000000D+00   0.0000000D+00   0.0000000D+00   0.0000000D+00
    10.34500   0.0000000D+00   0.0000000D+00   0.0000000D+00   0.0000000D+00   0.0000000D+00
    11.24000   0.0000000D+00   0.0000000D+00   0.0000000D+00   0.0000000D+00   0.0000000D+00
    12.13500   0.0000000D+00   0.0000000D+00   0.0000000D+00   0.0000000D+00   0.0000000D+00
    13.03000   0.0000000D+00   0.0000000D+00   0.0000000D+00   0.0000000D+00   0.0000000D+00
    13.92500   0.0000000D+00   0.0000000D+00   0.0000000D+00   0.0000000D+00   0.0000000D+00
    14.82000   0.0000000D+00   0.0000000D+00   0.0000000D+00   0.0000000D+00   0.0000000D+00
    15.71500   0.0000000D+00   0.0000000D+00   0.0000000D+00   0.0000000D+00   0.0000000D+00
    16.61000   0.0000000D+00   0.0000000D+00   0.0000000D+00   0.0000000D+00   0.0000000D+00
    17.50500   0.0000000D+00   0.0000000D+00   0.0000000D+00   0.0000000D+00   0.0000000D+00
    18.40000   0.0000000D+00   0.0000000D+00   0.0000000D+00   0.0000000D+00   0.0000000D+00
    19.29500   0.0000000D+00   0.0000000D+00   0.0000000D+00   0.0000000D+00   0.0000000D+00
    20.19000   0.0000000D+00   0.0000000D+00   0.0000000D+00   0.0000000D+00   0.0000000D+00
    21.08500   0.0000000D+00   0.0000000D+00   0.0000000D+00   0.0000000D+00   0.0000000D+00
    21.98000   0.0000000D+00   0.0000000D+00   0.0000000D+00   0.0000000D+00   0.0000000D+00
    22.87500   0.0000000D+00   0.0000000D+00   0.0000000D+00   0.0000000D+00   0.0000000D+00
    23.77000   0.0000000D+00   0.0000000D+00   0.0000000D+00   0.0000000D+00   0.0000000D+00
    24.66500   0.0000000D+00   0.0000000D+00   0.0000000D+00   0.0000000D+00   0.0000000D+00
    25.56000   0.0000000D+00   0.0000000D+00   0.0000000D+00   0.0000000D+00   0.0000000D+00
    26.45500   0.0000000D+00   0.0000000D+00   0.0000000D+00   0.0000000D+00   0.0000000D+00
    27.35000   0.0000000D+00   0.0000000D+00   0.0000000D+00   0.0000000D+00   0.0000000D+00
    28.24500   0.0000000D+00   0.0000000D+00   0.0000000D+00   0.0000000D+00   0.0000000D+00
    29.14000   0.0000000D+00   0.0000000D+00   0.0000000D+00   0.0000000D+00   0.0000000D+00
    30.03500   0.0000000D+00   0.0000000D+00   0.0000000D+00   0.0000000D+00   0.0000000D+00
    30.93000   0.0000000D+00   0.0000000D+00   0.0000000D+00   0.0000000D+00   0.0000000D+00
    31.82500   0.0000000D+00   0.0000000D+00   0.0000000D+00   0.0000000D+00   0.0000000D+00
    32.72000   0.0000000D+00   0.0000000D+00   0.0000000D+00   0.0000000D+00   0.0000000D+00
    33.61500   0.0000000D+00   0.0000000D+00   0.0000000D+00   0.0000000D+00   0.0000000D+00
    34.51000   0.0000000D+00   0.0000000D+00   0.0000000D+00   0.0000000D+00   0.0000000D+00
    35.40500   0.0000000D+00   0.0000000D+00   0.0000000D+00   0.0000000D+00   0.0000000D+00
    36.30000   0.0000000D+00   0.0000000D+00   0.0000000D+00   0.0000000D+00   0.0000000D+00
    37.19500   0.0000000D+00   0.0000000D+00   0.0000000D+00   0.0000000D+00   0.0000000D+00
    38.09000   0.0000000D+00   0.0000000D+00   0.0000000D+00   0.0000000D+00   0.0000000D+00
    38.98500   0.0000000D+00   0.0000000D+00   0.0000000D+00   0.0000000D+00   0.0000000D+00
    39.88000   0.0000000D+00   0.0000000D+00   0.0000000D+00   0.0000000D+00   0.0000000D+00
    40.77500   0.0000000D+00   0.0000000D+00   0.0000000D+00   0.0000000D+00   0.0000000D+00
    41.67000   0.0000000D+00   0.0000000D+00   0.0000000D+00   0.0000000D+00   0.0000000D+00
    42.56500   0.0000000D+00   0.0000000D+00   0.0000000D+00   0.0000000D+00   0.0000000D+00
    43.46000   0.0000000D+00   0.0000000D+00   0.0000000D+00   0.0000000D+00   0.0000000D+00
    44.35500   0.0000000D+00   0.0000000D+00   0.0000000D+00   0.0000000D+00   0.0000000D+00
    45.25000   0.0000000D+00   0.0000000D+00   0.0000000D+00   0.0000000D+00   0.0000000D+00
    46.14500   0.0000000D+00   0.0000000D+00   0.0000000D+00   0.0000000D+00   0.0000000D+00
    47.04000   0.0000000D+00   0.0000000D+00   0.0000000D+00   0.0000000D+00   0.0000000D+00
    47.93500   0.0000000D+00   0.0000000D+00   0.0000000D+00   0.0000000D+00   0.0000000D+00
    48.83000   0.0000000D+00   0.0000000D+00   0.0000000D+00   0.0000000D+00   0.0000000D+00
    49.72500   0.0000000D+00   0.0000000D+00   0.0000000D+00   0.0000000D+00   0.0000000D+00
    50.62000   0.0000000D+00   0.0000000D+00   0.0000000D+00   0.0000000D+00   0.0000000D+00
    51.51500   0.0000000D+00   0.0000000D+00   0.0000000D+00   0.0000000D+00   0.0000000D+00
    52.41000   0.0000000D+00   0.0000000D+00   0.0000000D+00   0.0000000D+00   0.0000000D+00
    53.30500   0.0000000D+00   0.0000000D+00   0.0000000D+00   0.0000000D+00   0.0000000D+00
    54.20000   0.0000000D+00   0.0000000D+00   0.0000000D+00   0.0000000D+00   0.0000000D+00
    55.09500   0.0000000D+00   0.0000000D+00   0.0000000D+00   0.0000000D+00   0.0000000D+00
    55.99000   0.0000000D+00   0.0000000D+00   0.0000000D+00   0.0000000D+00   0.0000000D+00
    56.88500   0.0000000D+00   0.0000000D+00   0.0000000D+00   0.0000000D+00   0.0000000D+00
    57.78000   0.0000000D+00   0.0000000D+00   0.0000000D+00   0.0000000D+00   0.0000000D+00
    58.67500   0.0000000D+00   0.0000000D+00   0.0000000D+00   0.0000000D+00   0.0000000D+00
    59.57000   0.0000000D+00   0.0000000D+00   0.0000000D+00   0.0000000D+00   0.0000000D+00
    60.46500   0.0000000D+00   0.0000000D+00   0.0000000D+00   0.0000000D+00   0.0000000D+00
    61.36000   0.0000000D+00   0.0000000D+00   0.0000000D+00   0.0000000D+00   0.0000000D+00
    62.25500   0.0000000D+00   0.0000000D+00   0.0000000D+00   0.0000000D+00   0.0000000D+00
    63.15000   0.0000000D+00   0.0000000D+00   0.0000000D+00   0.0000000D+00   0.0000000D+00
    64.04500   0.0000000D+00   0.0000000D+00   0.0000000D+00   0.0000000D+00   0.0000000D+00
    64.94000   0.0000000D+00   0.0000000D+00   0.0000000D+00   0.0000000D+00   0.0000000D+00
    65.83500   0.0000000D+00   0.0000000D+00   0.0000000D+00   0.0000000D+00   0.0000000D+00
    66.73000   0.0000000D+00   0.0000000D+00   0.0000000D+00   0.0000000D+00   0.0000000D+00
    67.62500   0.0000000D+00   0.0000000D+00   0.0000000D+00   0.0000000D+00   0.0000000D+00
    68.52000   0.0000000D+00   0.0000000D+00   0.0000000D+00   0.0000000D+00   0.0000000D+00
    69.41500   0.0000000D+00   0.0000000D+00   0.0000000D+00   0.0000000D+00   0.0000000D+00
    70.31000   0.0000000D+00   0.0000000D+00   0.0000000D+00   0.0000000D+00   0.0000000D+00
    71.20500   0.0000000D+00   0.0000000D+00   0.0000000D+00   0.0000000D+00   0.0000000D+00
    72.10000   0.0000000D+00   0.0000000D+00   0.0000000D+00   0.0000000D+00   0.0000000D+00
    72.99500   0.0000000D+00   0.0000000D+00   0.0000000D+00   0.0000000D+00   0.0000000D+00
    73.89000   0.0000000D+00   0.0000000D+00   0.0000000D+00   0.0000000D+00   0.0000000D+00
    74.78500   0.0000000D+00   0.0000000D+00   0.0000000D+00   0.0000000D+00   0.0000000D+00
    75.68000   0.0000000D+00   0.0000000D+00   0.0000000D+00   0.0000000D+00   0.0000000D+00
    76.57500   0.0000000D+00   0.0000000D+00   0.0000000D+00   0.0000000D+00   0.0000000D+00
    77.47000   0.0000000D+00   0.0000000D+00   0.0000000D+00   0.0000000D+00   0.0000000D+00
    78.36500   1.5371257D-03  -4.2355424D-04   1.1671016D-04  -3.1650519D-04   6.5170687D-05
    79.26000   6.4174618D-04  -1.6289275D-04   4.1346638D-05  -1.2172325D-04   2.3087867D-05
    80.15500   2.6208071D-04  -6.0863942D-05   1.4134651D-05  -4.5481197D-05   7.8927566D-06
    81.05000   1.0695947D-04  -2.2542409D-05   4.7509605D-06  -1.6845044D-05   2.6529254D-06
    81.94500   4.4809610D-05  -8.4862656D-06   1.6071709D-06  -6.3414479D-06   8.9744055D-07
    82.84000   1.9385569D-05  -3.2588620D-06   5.4783956D-07  -2.4352176D-06   3.0591235D-07
    83.73500   8.5394875D-06  -1.2545673D-06   1.8431307D-07  -9.3748814D-07   1.0292000D-07
    84.63000   1.1014278D-07  -1.3855109D-08   1.7428655D-09  -1.0353371D-08   9.7321208D-10
    85.52500   2.4198464D-09  -2.5343729D-10   2.6543197D-11  -1.8938358D-10   1.4821660D-11
    86.42000   7.4999897D-10  -6.2793494D-11   5.2573711D-12  -4.6923074D-11   2.9357039D-12
    87.31500   8.5245943D-10  -5.3498456D-11   3.3574440D-12  -3.9977263D-11   1.8747890D-12
    88.21000   5.1744855D-10  -2.1640460D-11   9.0503593D-13  -1.6171053D-11   5.0536997D-13
    89.10500   3.6642128D-10  -7.6602580D-12   1.6014232D-13  -5.7242054D-12   8.9423102D-14

                         Loss cone angle:  4.555E+00 degrees
                       Particle velocity:  2.821E+08 m/s    
                     Relativistic factor:  2.957E+00
                       Particle momentum:  7.599E-22 m/s    
                 Electron number density:  7.076E+06 /m^3   
                            Alfven speed:  2.799E+03 m/s    

                 electron gyro-frequency:  9.553E+03 Hz
                   proton gyro-frequency:  5.203E+00 Hz
                   helium gyro-frequency:  1.301E+00 Hz
                   oxygen gyro-frequency:  3.252E-01 Hz
          Plasma frequency/electron gyro:  2.500E+00          Alpha* (fce/fpe)^2 = 1.600E-01

                           R mode cutoff:  2.914E+04 Hz         fRcut/fce = 3.050E+00
                  Upper hybrid resonance:  2.573E+04 Hz          fUHR/fce = 2.693E+00
                           L mode cutoff:  1.959E+04 Hz         fLcut/fce = 2.051E+00
                  Lower hybrid resonance:  2.070E+02 Hz          fLHR/fce = 2.167E-02
                1st Cross-over frequency:  1.301E+00 Hz        fcros1/fce = 1.362E-04
          1st Bi-ion resonance frequency:  0.000E+00 Hz        fbion1/fce = 0.000E+00
                2nd Cross-over frequency:  3.252E-01 Hz        fcros2/fce = 3.404E-05
          2nd Bi-ion resonance frequency:  0.000E+00 Hz        fbion2/fce = 0.000E+00

