                                   PADIE  Combined Version 2a                   
                                    Date: 21-Apr-17      
                                Run name: Figure_2_fpefce_2.5                                                                                                                                                                                                                                       

                                  Planet: Earth          
                    Magnetic field model: Dipole         
                    Plasma density model: Constant       
                        Plasma frequency:  2.388E+04 Hz           fpe/fce = 2.500E+00
                             Plasma type: e-, H+         

                         Diffusion rates: Local          
                    Interacting particle: Electron       
                        Interacting wave: Whistler                   

                     Resonances included:   -5,...,  5
                         Particle energy:    1000.00 keV

                        Planetary radius: 6.3780E+06 m
                    Height of atmosphere: 1.0000E+05 m
                                 L shell:       4.50
                                Latitude:       0.00  degrees

                    Wave amplitude model: Constant       
           Wave magnetic field amplitude:     100.00 pT
                         Frequency model: Constant       
                     Peak wave frequency:  3.344E+03 Hz            fm/fce = 3.500E-01
                    Wave frequency width:  1.433E+03 Hz            df/fce = 1.500E-01

                 Lower cut-off frequency:  4.776E+02 Hz           flc/fce = 5.000E-02
                 Upper cut-off frequency:  6.209E+03 Hz           fuc/fce = 6.500E-01

                Angular dependence model: Constant       
                  Peak wave-normal angle:     0.0000 degrees
                 Width wave-normal angle:    30.0000 degrees
           X integration   Lower cut-off: 0.0000E+00
                           Upper cut-off: 0.1155E+01





                  Number of pitch angles:  100


 Pitch-Angle       Daa/p^2        Dae/E^2        Dee/E^2            Dap/p^2        Dpp/p^2                        1/|vp-dwdkp|
     0.50000   1.6757319D-10   1.7877079D-13   2.9376447D-16   1.3358828D-13   1.6403740D-16
     1.39500   1.3075539D-09   3.8906752D-12   1.7870541D-14   2.9073464D-12   9.9788688D-15
     2.29000   3.5401328D-09   1.7281860D-11   1.3077715D-13   1.2914045D-11   7.3025656D-14
     3.18500   6.8960424D-09   4.6780167D-11   4.9500164D-13   3.4956954D-11   2.7640778D-13
     4.08000   1.1421818D-08   9.9136582D-11   1.3533868D-12   7.4080814D-11   7.5572806D-13
     4.97500   1.7180846D-08   1.8156278D-10   3.0493228D-12   1.3567462D-10   1.7027348D-12
     5.87000   2.4254798D-08   3.0188019D-10   6.0460942D-12   2.2558303D-10   3.3761250D-12
     6.76500   3.2745508D-08   4.6868426D-10   1.0952952D-11   3.5022906D-10   6.1161030D-12
     7.66000   4.2777241D-08   6.9153076D-10   1.8559252D-11   5.1675337D-10   1.0363443D-11
     8.55500   5.4499714D-08   9.8113996D-10   2.9878763D-11   7.3316676D-10   1.6684232D-11
     9.45000   6.8091507D-08   1.3496377D-09   4.6206101D-11   1.0085304D-09   2.5801380D-11
    10.34500   8.3764294D-08   1.8108289D-09   6.9188601D-11   1.3531602D-09   3.8634755D-11
    11.24000   1.0176772D-07   2.3805108D-09   1.0091693D-10   1.7788608D-09   5.6351779D-11
    12.13500   1.2239510D-07   3.0768639D-09   1.4403805D-10   2.2992177D-09   8.0430517D-11
    13.03000   1.4599148D-07   3.9208664D-09   2.0190067D-10   2.9299071D-09   1.1274087D-10
    13.92500   1.7296092D-07   4.9368018D-09   2.7873225D-10   3.6890751D-09   1.5564345D-10
    14.82000   2.0377666D-07   6.1528413D-09   3.7986279D-10   4.5977729D-09   2.1211450D-10
    15.71500   2.3899097D-07   7.6017210D-09   5.1199860D-10   5.6804630D-09   2.8589884D-10
    16.61000   2.7925153D-07   9.3216359D-09   6.8356944D-10   6.9656868D-09   3.8170360D-10
    17.50500   3.2531629D-07   1.1357002D-08   9.0516054D-10   8.4866349D-09   5.0543956D-10
    18.40000   3.7806536D-07   1.3759801D-08   1.1899937D-09   1.0282151D-08   6.6448972D-10
    19.29500   4.3853169D-07   1.6590754D-08   1.5546137D-09   1.2397609D-08   8.6809272D-10
    20.19000   5.0791665D-07   1.9920681D-08   2.0196275D-09   1.4885930D-08   1.1277553D-09
    21.08500   5.8762392D-07   2.3832501D-08   2.6106800D-09   1.7809078D-08   1.4577977D-09
    21.98000   6.7928759D-07   2.8422718D-08   3.3595920D-09   2.1239163D-08   1.8759884D-09
    22.87500   7.8481431D-07   3.3804723D-08   4.3057536D-09   2.5260922D-08   2.4043229D-09
    23.77000   9.0640955D-07   4.0110622D-08   5.4976627D-09   2.9973069D-08   3.0698822D-09
    24.66500   1.0466437D-06   4.7494538D-08   6.9951052D-09   3.5490774D-08   3.9060506D-09
    25.56000   1.2084920D-06   5.6135569D-08   8.8713516D-09   4.1947872D-08   4.9537422D-09
    26.45500   1.3954046D-06   6.6241758D-08   1.1216109D-08   4.9499825D-08   6.2630494D-09
    27.35000   1.6113490D-06   7.8057547D-08   1.4138257D-08   5.8329292D-08   7.8947701D-09
    28.24500   1.8609407D-06   9.1865461D-08   1.7770737D-08   6.8647396D-08   9.9231383D-09
    29.14000   2.1499037D-06   1.0795457D-07   2.2277410D-08   8.0670144D-08   1.2439654D-08
    30.03500   2.4843836D-06   1.2669990D-07   2.7852215D-08   9.4677782D-08   1.5552613D-08
    30.93000   2.8711340D-06   1.4854218D-07   3.4726640D-08   1.1099965D-07   1.9391276D-08
    31.82500   3.3182670D-06   1.7396080D-07   4.3182131D-08   1.2999397D-07   2.4112802D-08
    32.72000   3.8349059D-06   2.0353922D-07   5.3549313D-08   1.5209674D-07   2.9901813D-08
    33.61500   4.4315421D-06   2.3791553D-07   6.6225718D-08   1.7778479D-07   3.6980288D-08
    34.51000   5.1200944D-06   2.7779307D-07   8.1683377D-08   2.0758369D-07   4.5611809D-08
    35.40500   5.9134426D-06   3.2402938D-07   1.0046010D-07   2.4213424D-07   5.6096690D-08
    36.30000   6.8271363D-06   3.7749003D-07   1.2322079D-07   2.8208325D-07   6.8806205D-08
    37.19500   7.8774299D-06   4.3933244D-07   1.5070175D-07   3.2829561D-07   8.4151512D-08
    38.09000   9.0833635D-06   5.1060536D-07   1.8379930D-07   3.8155503D-07   1.0263311D-07
    38.98500   1.0464426D-05   5.9262707D-07   2.2349510D-07   4.4284658D-07   1.2479915D-07
    39.88000   1.2044297D-05   6.8673147D-07   2.7099654D-07   5.1316705D-07   1.5132384D-07
    40.77500   1.3846916D-05   7.9465824D-07   3.2761009D-07   5.9381641D-07   1.8293672D-07
    41.67000   1.5899045D-05   9.1770286D-07   3.9488361D-07   6.8576275D-07   2.2050210D-07
    42.56500   1.8229440D-05   1.0577291D-06   4.7453541D-07   7.9039880D-07   2.6497948D-07
    43.46000   2.0869459D-05   1.2165913D-06   5.6851649D-07   9.0911019D-07   3.1745830D-07
    44.35500   2.3853367D-05   1.3956851D-06   6.7903753D-07   1.0429399D-06   3.7917299D-07
    45.25000   2.7216710D-05   1.5969255D-06   8.0849446D-07   1.1933187D-06   4.5146144D-07
    46.14500   3.0993907D-05   1.8223092D-06   9.5944751D-07   1.3617390D-06   5.3575328D-07
    47.04000   3.5220272D-05   2.0743269D-06   1.1346453D-06   1.5500618D-06   6.3358332D-07
    47.93500   3.9925972D-05   2.3561093D-06   1.3367570D-06   1.7606265D-06   7.4644202D-07
    48.83000   4.5134723D-05   2.6717978D-06   1.5682537D-06   1.9965280D-06   8.7570924D-07
    49.72500   5.0874078D-05   3.0295254D-06   1.8314264D-06   2.2638435D-06   1.0226643D-06
    50.62000   5.7149760D-05   3.4390870D-06   2.1273169D-06   2.5698926D-06   1.1878888D-06
    51.51500   6.3958653D-05   3.9167142D-06   2.4561850D-06   2.9268043D-06   1.3715280D-06
    52.41000   7.1277954D-05   4.4824233D-06   2.8163009D-06   3.3495362D-06   1.5726159D-06
    53.30500   7.9088120D-05   5.1663214D-06   3.2043874D-06   3.8605859D-06   1.7893225D-06
    54.20000   8.7379565D-05   6.0047383D-06   3.6155244D-06   4.4871015D-06   2.0189005D-06
    55.09500   9.6187187D-05   7.0398978D-06   4.0440384D-06   5.2606349D-06   2.2581817D-06
    55.99000   1.0566732D-04   8.3177267D-06   4.4863958D-06   6.2155055D-06   2.5051931D-06
    56.88500   1.1615156D-04   9.8805820D-06   4.9426137D-06   7.3833649D-06   2.7599441D-06
    57.78000   1.2792365D-04   1.1713919D-05   5.4211512D-06   8.7533447D-06   3.0271583D-06
    58.67500   1.3782889D-04   1.3384697D-05   5.9065795D-06   1.0001850D-05   3.2982204D-06
    59.57000   1.4896416D-04   1.4978746D-05   6.4634484D-06   1.1193020D-05   3.6091747D-06
    60.46500   1.6228262D-04   1.6239651D-05   7.1608511D-06   1.2135244D-05   3.9986027D-06
    61.36000   1.7907678D-04   1.6783388D-05   8.0999394D-06   1.2541556D-05   4.5229875D-06
    62.25500   2.0102638D-04   1.6109546D-05   9.4205066D-06   1.2038022D-05   5.2603892D-06
    63.15000   2.2985321D-04   1.3674931D-05   1.1284491D-05   1.0218730D-05   6.3012339D-06
    64.04500   2.6629158D-04   9.1380720D-06   1.3809108D-05   6.8285168D-06   7.7109739D-06
    64.94000   3.0810337D-04   2.9504943D-06   1.6909140D-05   2.2047867D-06   9.4420250D-06
    65.83500   3.4735843D-04  -2.8241304D-06   2.0041669D-05  -2.1103601D-06   1.1191222D-05
    66.73000   3.7038729D-04  -4.3047394D-06   2.2102028D-05  -3.2167601D-06   1.2341722D-05
    67.62500   3.6572014D-04   2.0549239D-06   2.1999781D-05   1.5355627D-06   1.2284627D-05
    68.52000   3.3686530D-04   1.5594281D-05   1.9814319D-05   1.1652984D-05   1.1064270D-05
    69.41500   3.0169128D-04   3.1250981D-05   1.6959479D-05   2.3352612D-05   9.4701338D-06
    70.31000   2.7688466D-04   4.4056259D-05   1.4887555D-05   3.2921485D-05   8.3131762D-06
    71.20500   2.6701408D-04   5.2570124D-05   1.4036021D-05   3.9283557D-05   7.8376815D-06
    72.10000   2.6789697D-04   5.7942583D-05   1.4072895D-05   4.3298182D-05   7.8582721D-06
    72.99500   2.7331833D-04   6.1830074D-05   1.4501360D-05   4.6203149D-05   8.0975258D-06
    73.89000   2.8176604D-04   6.4813630D-05   1.5174557D-05   4.8432641D-05   8.4734377D-06
    74.78500   2.9086316D-04   6.7531333D-05   1.5908102D-05   5.0463472D-05   8.8830472D-06
    75.68000   2.9958102D-04   7.0143938D-05   1.6634648D-05   5.2415768D-05   9.2887490D-06
    76.57500   3.0774352D-04   7.2609122D-05   1.7342824D-05   5.4257902D-05   9.6841928D-06
    77.47000   3.1517658D-04   7.4909015D-05   1.8017205D-05   5.5976520D-05   1.0060766D-05
    78.36500   1.8581799D-03  -3.4672544D-04   1.3531372D-04  -2.5909410D-04   7.5558869D-05
    79.26000   9.6812438D-04  -8.4293328D-05   6.0497088D-05  -6.2989043D-05   3.3781434D-05
    80.15500   5.9253324D-04   1.9151770D-05   3.3733478D-05   1.4311354D-05   1.8836696D-05
    81.05000   4.3994377D-04   5.8443102D-05   2.4668477D-05   4.3672200D-05   1.3774821D-05
    81.94500   3.7859790D-04   7.2952752D-05   2.1688268D-05   5.4514682D-05   1.2110679D-05
    82.84000   3.5287907D-04   7.8275159D-05   2.0673926D-05   5.8491905D-05   1.1544273D-05
    83.73500   3.4074486D-04   8.0065402D-05   2.0253202D-05   5.9829682D-05   1.1309341D-05
    84.63000   3.4372502D-04   7.8539067D-05   2.0944133D-05   5.8689113D-05   1.1695155D-05
    85.52500   4.1998597D-04   5.9808381D-05   2.6960448D-05   4.4692418D-05   1.5054652D-05
    86.42000   5.3339475D-04   3.3230970D-05   3.6112612D-05   2.4832179D-05   2.0165199D-05
    87.31500   6.4695176D-04   1.0423233D-05   4.5152566D-05   7.7888666D-06   2.5213089D-05
    88.21000   7.3746860D-04  -2.1447382D-06   5.2119973D-05  -1.6026773D-06   2.9103673D-05
    89.10500   7.9356866D-04  -4.1856605D-06   5.6301655D-05  -3.1277772D-06   3.1438714D-05

                         Loss cone angle:  4.555E+00 degrees
                       Particle velocity:  2.821E+08 m/s    
                     Relativistic factor:  2.957E+00
                       Particle momentum:  7.599E-22 m/s    
                 Electron number density:  7.076E+06 /m^3   
                            Alfven speed:  2.799E+03 m/s    

                 electron gyro-frequency:  9.553E+03 Hz
                   proton gyro-frequency:  5.203E+00 Hz
                   helium gyro-frequency:  1.301E+00 Hz
                   oxygen gyro-frequency:  3.252E-01 Hz
          Plasma frequency/electron gyro:  2.500E+00          Alpha* (fce/fpe)^2 = 1.600E-01

                           R mode cutoff:  2.914E+04 Hz         fRcut/fce = 3.050E+00
                  Upper hybrid resonance:  2.573E+04 Hz          fUHR/fce = 2.693E+00
                           L mode cutoff:  1.959E+04 Hz         fLcut/fce = 2.051E+00
                  Lower hybrid resonance:  2.070E+02 Hz          fLHR/fce = 2.167E-02
                1st Cross-over frequency:  1.301E+00 Hz        fcros1/fce = 1.362E-04
          1st Bi-ion resonance frequency:  0.000E+00 Hz        fbion1/fce = 0.000E+00
                2nd Cross-over frequency:  3.252E-01 Hz        fcros2/fce = 3.404E-05
          2nd Bi-ion resonance frequency:  0.000E+00 Hz        fbion2/fce = 0.000E+00

